******************************************************************************
                  TI ARM Linker PC v15.12.3                    
******************************************************************************
>> Linked Sun May 06 16:49:08 2018

OUTPUT FILE NAME:   <mini-game-machine.out>
ENTRY POINT SYMBOL: "_c_int00"  address: 00027179


MEMORY CONFIGURATION

         name            origin    length      used     unused   attr    fill
----------------------  --------  ---------  --------  --------  ----  --------
  FLASH                 00000000   00040000  000274ae  00018b52  R  X
  SRAM                  20000000   00008000  00000498  00007b68  RW X


SEGMENT ALLOCATION MAP

run origin  load origin   length   init length attrs members
----------  ----------- ---------- ----------- ----- -------
00000000    00000000    000274b4   000274b4    r-x
  00000000    00000000    0000026c   0000026c    r-- .intvecs
  0000026c    0000026c    00025800   00025800    r-- .const
  00025a6c    00025a6c    000019e6   000019e6    r-x .text
  00027458    00027458    0000005c   0000005c    r-- .cinit
20000000    20000000    00000498   00000000    rw-
  20000000    20000000    0000026c   00000000    rw- .vtable
  2000026c    2000026c    00000200   00000000    rw- .stack
  2000046c    2000046c    00000020   00000000    rw- .data
  2000048c    2000048c    0000000c   00000000    rw- .bss


SECTION ALLOCATION MAP

 output                                  attributes/
section   page    origin      length       input sections
--------  ----  ----------  ----------   ----------------
.intvecs   0    00000000    0000026c     
                  00000000    0000026c     tm4c123gh6pm_startup_ccs.obj (.intvecs)

.const     0    0000026c    00025800     
                  0000026c    00025800     woof.obj (.const:woof)

.text      0    00025a6c    000019e6     
                  00025a6c    00001268     lcd_driver.obj (.text)
                  00026cd4    00000132     driverlib.lib : gpio.obj (.text:GPIOPadConfigSet)
                  00026e06    00000002     rtsv7M4_T_le_v4SPD16_eabi.lib : mpu_init.obj (.text)
                  00026e08    000000f4     driverlib.lib : sysctl.obj (.text:SysCtlClockSet)
                  00026efc    0000009c     rtsv7M4_T_le_v4SPD16_eabi.lib : memcpy_t2.obj (.text)
                  00026f98    00000088     config.obj (.text)
                  00027020    0000007a     rtsv7M4_T_le_v4SPD16_eabi.lib : memset_t2.obj (.text)
                  0002709a    00000002                                   : startup.obj (.text)
                  0002709c    00000070                                   : autoinit.obj (.text)
                  0002710c    0000006a                                   : copy_decompress_rle.obj (.text)
                  00027176    00000002     --HOLE-- [fill = 0]
                  00027178    00000054                                   : boot.obj (.text)
                  000271cc    00000054                                   : exit.obj (.text)
                  00027220    0000004c                                   : cpy_tbl.obj (.text)
                  0002726c    00000044     main.obj (.text)
                  000272b0    00000038     driverlib.lib : sysctl.obj (.text:SysCtlPeripheralReady)
                  000272e8    00000034                   : interrupt.obj (.text:IntRegister)
                  0002731c    00000034                   : sysctl.obj (.text:SysCtlPeripheralEnable)
                  00027350    0000002a                   : gpio.obj (.text:GPIODirModeSet)
                  0002737a    00000002     --HOLE-- [fill = 0]
                  0002737c    0000001c                   : systick.obj (.text:SysTickIntRegister)
                  00027398    00000018                   : gpio.obj (.text:GPIOPinTypeGPIOOutput)
                  000273b0    00000018     rtsv7M4_T_le_v4SPD16_eabi.lib : args_main.obj (.text)
                  000273c8    00000014     driverlib.lib : systick.obj (.text:SysTickEnable)
                  000273dc    00000014                   : systick.obj (.text:SysTickIntEnable)
                  000273f0    00000014     rtsv7M4_T_le_v4SPD16_eabi.lib : _lock.obj (.text)
                  00027404    00000012     driverlib.lib : gpio.obj (.text:GPIOPinTypeGPIOInput)
                  00027416    00000002     --HOLE-- [fill = 0]
                  00027418    00000010                   : systick.obj (.text:SysTickPeriodSet)
                  00027428    0000000e     rtsv7M4_T_le_v4SPD16_eabi.lib : copy_decompress_none.obj (.text:decompress:none)
                  00027436    0000000c     tm4c123gh6pm_startup_ccs.obj (.text)
                  00027442    00000006     driverlib.lib : sysctl.obj (.text:SysCtlDelay)
                  00027448    00000006     rtsv7M4_T_le_v4SPD16_eabi.lib : copy_decompress_rle.obj (.text:decompress:rle24)
                  0002744e    00000004                                   : pre_init.obj (.text)

.cinit     0    00027458    0000005c     
                  00027458    0000001e     (.cinit..data.load) [load image, compression = rle]
                  00027476    00000002     --HOLE-- [fill = 0]
                  00027478    0000000b     (.cinit..vtable.load) [load image, compression = rle]
                  00027483    00000005     --HOLE-- [fill = 0]
                  00027488    00000009     (.cinit..bss.load) [load image, compression = rle]
                  00027491    00000003     --HOLE-- [fill = 0]
                  00027494    00000008     (__TI_handler_table)
                  0002749c    00000018     (__TI_cinit_table)

.init_array 
*          0    00000000    00000000     UNINITIALIZED

.vtable    0    20000000    0000026c     UNINITIALIZED
                  20000000    0000026c     driverlib.lib : interrupt.obj (.vtable)

.stack     0    2000026c    00000200     UNINITIALIZED
                  2000026c    00000200     --HOLE--

.data      0    2000046c    00000020     UNINITIALIZED
                  2000046c    0000000c     rtsv7M4_T_le_v4SPD16_eabi.lib : exit.obj (.data:$O1$$)
                  20000478    00000008                                   : _lock.obj (.data:$O1$$)
                  20000480    00000008     woof.obj (.data:img_woof)
                  20000488    00000004     rtsv7M4_T_le_v4SPD16_eabi.lib : stkdepth_vars.obj (.data)

.bss       0    2000048c    0000000c     UNINITIALIZED
                  2000048c    0000000c     lcd_driver.obj (.bss)

MODULE SUMMARY

       Module                         code   ro data   rw data
       ------                         ----   -------   -------
    .\
       tm4c123gh6pm_startup_ccs.obj   12     620       0      
       main.obj                       68     0         0      
    +--+------------------------------+------+---------+---------+
       Total:                         80     620       0      
                                                              
    .\src\
       woof.obj                       0      153600    8      
       lcd_driver.obj                 4712   0         12     
       config.obj                     136    0         0      
    +--+------------------------------+------+---------+---------+
       Total:                         4848   153600    20     
                                                              
    C:/ti/TivaWare_C_Series-2.1.4.178/driverlib/ccs/Debug/driverlib.lib
       interrupt.obj                  52     0         620    
       gpio.obj                       390    0         0      
       sysctl.obj                     358    0         0      
       systick.obj                    84     0         0      
    +--+------------------------------+------+---------+---------+
       Total:                         884    0         620    
                                                              
    C:\ti\ccsv6\tools\compiler\arm_15.12.3.LTS\lib\rtsv7M4_T_le_v4SPD16_eabi.lib
       memcpy_t2.obj                  156    0         0      
       memset_t2.obj                  122    0         0      
       autoinit.obj                   112    0         0      
       copy_decompress_rle.obj        112    0         0      
       exit.obj                       84     0         12     
       boot.obj                       84     0         0      
       cpy_tbl.obj                    76     0         0      
       _lock.obj                      20     0         8      
       args_main.obj                  24     0         0      
       copy_decompress_none.obj       14     0         0      
       pre_init.obj                   4      0         0      
       stkdepth_vars.obj              0      0         4      
       mpu_init.obj                   2      0         0      
       startup.obj                    2      0         0      
    +--+------------------------------+------+---------+---------+
       Total:                         812    0         24     
                                                              
       Stack:                         0      0         512    
       Linker Generated:              0      82        0      
    +--+------------------------------+------+---------+---------+
       Grand Total:                   6624   154302    1176   


LINKER GENERATED COPY TABLES

__TI_cinit_table @ 0002749c records: 3, size/record: 8, table size: 24
	.data: load addr=00027458, load size=0000001e bytes, run addr=2000046c, run size=00000020 bytes, compression=rle
	.vtable: load addr=00027478, load size=0000000b bytes, run addr=20000000, run size=0000026c bytes, compression=rle
	.bss: load addr=00027488, load size=00000009 bytes, run addr=2000048c, run size=0000000c bytes, compression=rle


LINKER GENERATED HANDLER TABLE

__TI_handler_table @ 00027494 records: 2, size/record: 4, table size: 8
	index: 0, handler: __TI_decompress_rle24
	index: 1, handler: __TI_decompress_none


GLOBAL SYMBOLS: SORTED ALPHABETICALLY BY Name 

address   name                           
-------   ----                           
000271cd  C$$EXIT                        
00027351  GPIODirModeSet                 
00026cd5  GPIOPadConfigSet               
00027405  GPIOPinTypeGPIOInput           
00027399  GPIOPinTypeGPIOOutput          
00025a6d  GPIO_Init                      
000272e9  IntRegister                    
00025c25  LCD_begin                      
00025b6b  LCD_init                       
00026075  LCD_reset                      
00027437  ResetISR                       
UNDEFED   SHT$$INIT_ARRAY$$Base          
UNDEFED   SHT$$INIT_ARRAY$$Limit         
00026e09  SysCtlClockSet                 
00027443  SysCtlDelay                    
0002731d  SysCtlPeripheralEnable         
000272b1  SysCtlPeripheralReady          
000273c9  SysTickEnable                  
000273dd  SysTickIntEnable               
0002737d  SysTickIntRegister             
00027419  SysTickPeriodSet               
00026fff  SysTick_Handler                
00025af1  SysTick_Init                   
00025aff  SysTick_Wait                   
00025b1f  SysTick_Wait1ms                
00025b45  SysTick_Wait1us                
00026f99  System_Init                    
2000046c  __STACK_END                    
00000200  __STACK_SIZE                   
2000046c  __STACK_TOP                    
0002749c  __TI_CINIT_Base                
000274b4  __TI_CINIT_Limit               
00027494  __TI_Handler_Table_Base        
0002749c  __TI_Handler_Table_Limit       
0002709d  __TI_auto_init                 
2000046c  __TI_cleanup_ptr               
00027429  __TI_decompress_none           
00027449  __TI_decompress_rle24          
20000470  __TI_dtors_ptr                 
20000474  __TI_enable_exit_profile_output
ffffffff  __TI_pprof_out_hndl            
ffffffff  __TI_prof_data_size            
ffffffff  __TI_prof_data_start           
00000000  __TI_static_base__             
00027021  __aeabi_memclr                 
00027021  __aeabi_memclr4                
00027021  __aeabi_memclr8                
00026efd  __aeabi_memcpy                 
00026efd  __aeabi_memcpy4                
00026efd  __aeabi_memcpy8                
00027023  __aeabi_memset                 
00027023  __aeabi_memset4                
00027023  __aeabi_memset8                
ffffffff  __binit__                      
ffffffff  __c_args__                     
00026e07  __mpu_init                     
2000026c  __stack                        
000273b1  _args_main                     
00027179  _c_int00                       
20000478  _lock                          
000273ff  _nop                           
000273f7  _register_lock                 
000273f1  _register_unlock               
0002709b  _system_post_cinit             
0002744f  _system_pre_init               
2000047c  _unlock                        
000271d1  abort                          
ffffffff  binit                          
00027221  copy_in                        
00026339  drawFastHLine                  
000263fb  drawFastVLine                  
00026253  drawPixel                      
000264bd  drawRGBBitmap                  
000271d9  exit                           
00026b75  fillRect                       
00026c9d  fillScreen                     
00026693  flood                          
20000000  g_pfnRAMVectors                
00000000  g_pfnVectors                   
20000480  img_woof                       
0002726d  main                           
20000488  main_func_sp                   
00026efd  memcpy                         
00027029  memset                         
000269bd  pushColors                     
0002611d  setAddrWindow                  
0002650f  setLR                          
00026a81  setRotation                    
00026177  writeRegister32                


GLOBAL SYMBOLS: SORTED BY Symbol Address 

address   name                           
-------   ----                           
00000000  __TI_static_base__             
00000000  g_pfnVectors                   
00000200  __STACK_SIZE                   
00025a6d  GPIO_Init                      
00025af1  SysTick_Init                   
00025aff  SysTick_Wait                   
00025b1f  SysTick_Wait1ms                
00025b45  SysTick_Wait1us                
00025b6b  LCD_init                       
00025c25  LCD_begin                      
00026075  LCD_reset                      
0002611d  setAddrWindow                  
00026177  writeRegister32                
00026253  drawPixel                      
00026339  drawFastHLine                  
000263fb  drawFastVLine                  
000264bd  drawRGBBitmap                  
0002650f  setLR                          
00026693  flood                          
000269bd  pushColors                     
00026a81  setRotation                    
00026b75  fillRect                       
00026c9d  fillScreen                     
00026cd5  GPIOPadConfigSet               
00026e07  __mpu_init                     
00026e09  SysCtlClockSet                 
00026efd  __aeabi_memcpy                 
00026efd  __aeabi_memcpy4                
00026efd  __aeabi_memcpy8                
00026efd  memcpy                         
00026f99  System_Init                    
00026fff  SysTick_Handler                
00027021  __aeabi_memclr                 
00027021  __aeabi_memclr4                
00027021  __aeabi_memclr8                
00027023  __aeabi_memset                 
00027023  __aeabi_memset4                
00027023  __aeabi_memset8                
00027029  memset                         
0002709b  _system_post_cinit             
0002709d  __TI_auto_init                 
00027179  _c_int00                       
000271cd  C$$EXIT                        
000271d1  abort                          
000271d9  exit                           
00027221  copy_in                        
0002726d  main                           
000272b1  SysCtlPeripheralReady          
000272e9  IntRegister                    
0002731d  SysCtlPeripheralEnable         
00027351  GPIODirModeSet                 
0002737d  SysTickIntRegister             
00027399  GPIOPinTypeGPIOOutput          
000273b1  _args_main                     
000273c9  SysTickEnable                  
000273dd  SysTickIntEnable               
000273f1  _register_unlock               
000273f7  _register_lock                 
000273ff  _nop                           
00027405  GPIOPinTypeGPIOInput           
00027419  SysTickPeriodSet               
00027429  __TI_decompress_none           
00027437  ResetISR                       
00027443  SysCtlDelay                    
00027449  __TI_decompress_rle24          
0002744f  _system_pre_init               
00027494  __TI_Handler_Table_Base        
0002749c  __TI_CINIT_Base                
0002749c  __TI_Handler_Table_Limit       
000274b4  __TI_CINIT_Limit               
20000000  g_pfnRAMVectors                
2000026c  __stack                        
2000046c  __STACK_END                    
2000046c  __STACK_TOP                    
2000046c  __TI_cleanup_ptr               
20000470  __TI_dtors_ptr                 
20000474  __TI_enable_exit_profile_output
20000478  _lock                          
2000047c  _unlock                        
20000480  img_woof                       
20000488  main_func_sp                   
ffffffff  __TI_pprof_out_hndl            
ffffffff  __TI_prof_data_size            
ffffffff  __TI_prof_data_start           
ffffffff  __binit__                      
ffffffff  __c_args__                     
ffffffff  binit                          
UNDEFED   SHT$$INIT_ARRAY$$Base          
UNDEFED   SHT$$INIT_ARRAY$$Limit         

[89 symbols]
