******************************************************************************
                  TI ARM Linker PC v15.12.3                    
******************************************************************************
>> Linked Wed Apr 25 18:32:29 2018

OUTPUT FILE NAME:   <mini-game-machine.out>
ENTRY POINT SYMBOL: "_c_int00"  address: 000018dd


MEMORY CONFIGURATION

         name            origin    length      used     unused   attr    fill
----------------------  --------  ---------  --------  --------  ----  --------
  FLASH                 00000000   00040000  00001bc6  0003e43a  R  X
  SRAM                  20000000   00008000  00000490  00007b70  RW X


SEGMENT ALLOCATION MAP

run origin  load origin   length   init length attrs members
----------  ----------- ---------- ----------- ----- -------
00000000    00000000    00001bcc   00001bcc    r-x
  00000000    00000000    0000026c   0000026c    r-- .intvecs
  0000026c    0000026c    00001906   00001906    r-x .text
  00001b78    00001b78    00000054   00000054    r-- .cinit
20000000    20000000    00000490   00000000    rw-
  20000000    20000000    0000026c   00000000    rw- .vtable
  2000026c    2000026c    00000200   00000000    rw- .stack
  2000046c    2000046c    00000018   00000000    rw- .data
  20000484    20000484    0000000c   00000000    rw- .bss


SECTION ALLOCATION MAP

 output                                  attributes/
section   page    origin      length       input sections
--------  ----  ----------  ----------   ----------------
.intvecs   0    00000000    0000026c     
                  00000000    0000026c     tm4c123gh6pm_startup_ccs.obj (.intvecs)

.text      0    0000026c    00001906     
                  0000026c    00001154     lcd_driver.obj (.text)
                  000013c0    00000132     driverlib.lib : gpio.obj (.text:GPIOPadConfigSet)
                  000014f2    00000002     rtsv7M4_T_le_v4SPD16_eabi.lib : mpu_init.obj (.text)
                  000014f4    000000f4     driverlib.lib : sysctl.obj (.text:SysCtlClockSet)
                  000015e8    0000009c     rtsv7M4_T_le_v4SPD16_eabi.lib : memcpy_t2.obj (.text)
                  00001684    00000098     config.obj (.text)
                  0000171c    0000007a     rtsv7M4_T_le_v4SPD16_eabi.lib : memset_t2.obj (.text)
                  00001796    00000002                                   : startup.obj (.text)
                  00001798    00000070                                   : autoinit.obj (.text)
                  00001808    0000006a     main.obj (.text)
                  00001872    0000006a     rtsv7M4_T_le_v4SPD16_eabi.lib : copy_decompress_rle.obj (.text)
                  000018dc    00000054                                   : boot.obj (.text)
                  00001930    00000054                                   : exit.obj (.text)
                  00001984    0000004c                                   : cpy_tbl.obj (.text)
                  000019d0    00000038     driverlib.lib : sysctl.obj (.text:SysCtlPeripheralReady)
                  00001a08    00000034                   : interrupt.obj (.text:IntRegister)
                  00001a3c    00000034                   : sysctl.obj (.text:SysCtlPeripheralEnable)
                  00001a70    0000002a                   : gpio.obj (.text:GPIODirModeSet)
                  00001a9a    00000002     --HOLE-- [fill = 0]
                  00001a9c    0000001c                   : systick.obj (.text:SysTickIntRegister)
                  00001ab8    00000018                   : gpio.obj (.text:GPIOPinTypeGPIOOutput)
                  00001ad0    00000018     rtsv7M4_T_le_v4SPD16_eabi.lib : args_main.obj (.text)
                  00001ae8    00000014     driverlib.lib : systick.obj (.text:SysTickEnable)
                  00001afc    00000014                   : systick.obj (.text:SysTickIntEnable)
                  00001b10    00000014     rtsv7M4_T_le_v4SPD16_eabi.lib : _lock.obj (.text)
                  00001b24    00000012     driverlib.lib : gpio.obj (.text:GPIOPinTypeGPIOInput)
                  00001b36    00000002     --HOLE-- [fill = 0]
                  00001b38    00000010                   : systick.obj (.text:SysTickPeriodSet)
                  00001b48    0000000e     rtsv7M4_T_le_v4SPD16_eabi.lib : copy_decompress_none.obj (.text:decompress:none)
                  00001b56    0000000c     tm4c123gh6pm_startup_ccs.obj (.text)
                  00001b62    00000006     driverlib.lib : sysctl.obj (.text:SysCtlDelay)
                  00001b68    00000006     rtsv7M4_T_le_v4SPD16_eabi.lib : copy_decompress_rle.obj (.text:decompress:rle24)
                  00001b6e    00000004                                   : pre_init.obj (.text)

.cinit     0    00001b78    00000054     
                  00001b78    00000016     (.cinit..data.load) [load image, compression = rle]
                  00001b8e    00000002     --HOLE-- [fill = 0]
                  00001b90    0000000b     (.cinit..vtable.load) [load image, compression = rle]
                  00001b9b    00000005     --HOLE-- [fill = 0]
                  00001ba0    00000009     (.cinit..bss.load) [load image, compression = rle]
                  00001ba9    00000003     --HOLE-- [fill = 0]
                  00001bac    00000008     (__TI_handler_table)
                  00001bb4    00000018     (__TI_cinit_table)

.init_array 
*          0    00000000    00000000     UNINITIALIZED

.vtable    0    20000000    0000026c     UNINITIALIZED
                  20000000    0000026c     driverlib.lib : interrupt.obj (.vtable)

.stack     0    2000026c    00000200     UNINITIALIZED
                  2000026c    00000200     --HOLE--

.data      0    2000046c    00000018     UNINITIALIZED
                  2000046c    0000000c     rtsv7M4_T_le_v4SPD16_eabi.lib : exit.obj (.data:$O1$$)
                  20000478    00000008                                   : _lock.obj (.data:$O1$$)
                  20000480    00000004                                   : stkdepth_vars.obj (.data)

.bss       0    20000484    0000000c     UNINITIALIZED
                  20000484    0000000c     lcd_driver.obj (.bss)

MODULE SUMMARY

       Module                         code   ro data   rw data
       ------                         ----   -------   -------
    .\
       tm4c123gh6pm_startup_ccs.obj   12     620       0      
       main.obj                       106    0         0      
    +--+------------------------------+------+---------+---------+
       Total:                         118    620       0      
                                                              
    .\src\
       lcd_driver.obj                 4436   0         12     
       config.obj                     152    0         0      
    +--+------------------------------+------+---------+---------+
       Total:                         4588   0         12     
                                                              
    C:/ti/TivaWare_C_Series-2.1.4.178/driverlib/ccs/Debug/driverlib.lib
       interrupt.obj                  52     0         620    
       gpio.obj                       390    0         0      
       sysctl.obj                     358    0         0      
       systick.obj                    84     0         0      
    +--+------------------------------+------+---------+---------+
       Total:                         884    0         620    
                                                              
    C:\ti\ccsv6\tools\compiler\arm_15.12.3.LTS\lib\rtsv7M4_T_le_v4SPD16_eabi.lib
       memcpy_t2.obj                  156    0         0      
       memset_t2.obj                  122    0         0      
       autoinit.obj                   112    0         0      
       copy_decompress_rle.obj        112    0         0      
       exit.obj                       84     0         12     
       boot.obj                       84     0         0      
       cpy_tbl.obj                    76     0         0      
       _lock.obj                      20     0         8      
       args_main.obj                  24     0         0      
       copy_decompress_none.obj       14     0         0      
       pre_init.obj                   4      0         0      
       stkdepth_vars.obj              0      0         4      
       mpu_init.obj                   2      0         0      
       startup.obj                    2      0         0      
    +--+------------------------------+------+---------+---------+
       Total:                         812    0         24     
                                                              
       Stack:                         0      0         512    
       Linker Generated:              0      74        0      
    +--+------------------------------+------+---------+---------+
       Grand Total:                   6402   694       1168   


LINKER GENERATED COPY TABLES

__TI_cinit_table @ 00001bb4 records: 3, size/record: 8, table size: 24
	.data: load addr=00001b78, load size=00000016 bytes, run addr=2000046c, run size=00000018 bytes, compression=rle
	.vtable: load addr=00001b90, load size=0000000b bytes, run addr=20000000, run size=0000026c bytes, compression=rle
	.bss: load addr=00001ba0, load size=00000009 bytes, run addr=20000484, run size=0000000c bytes, compression=rle


LINKER GENERATED HANDLER TABLE

__TI_handler_table @ 00001bac records: 2, size/record: 4, table size: 8
	index: 0, handler: __TI_decompress_rle24
	index: 1, handler: __TI_decompress_none


GLOBAL SYMBOLS: SORTED ALPHABETICALLY BY Name 

address   name                           
-------   ----                           
00001931  C$$EXIT                        
00001a71  GPIODirModeSet                 
000013c1  GPIOPadConfigSet               
00001b25  GPIOPinTypeGPIOInput           
00001ab9  GPIOPinTypeGPIOOutput          
0000026d  GPIO_Init                      
00001a09  IntRegister                    
00000425  LCD_begin                      
0000036b  LCD_init                       
00000875  LCD_reset                      
00001b57  ResetISR                       
UNDEFED   SHT$$INIT_ARRAY$$Base          
UNDEFED   SHT$$INIT_ARRAY$$Limit         
000014f5  SysCtlClockSet                 
00001b63  SysCtlDelay                    
00001a3d  SysCtlPeripheralEnable         
000019d1  SysCtlPeripheralReady          
00001ae9  SysTickEnable                  
00001afd  SysTickIntEnable               
00001a9d  SysTickIntRegister             
00001b39  SysTickPeriodSet               
000016eb  SysTick_Handler                
000002f1  SysTick_Init                   
000002ff  SysTick_Wait                   
0000031f  SysTick_Wait1ms                
00000345  SysTick_Wait1us                
00001685  System_Init                    
2000046c  __STACK_END                    
00000200  __STACK_SIZE                   
2000046c  __STACK_TOP                    
00001bb4  __TI_CINIT_Base                
00001bcc  __TI_CINIT_Limit               
00001bac  __TI_Handler_Table_Base        
00001bb4  __TI_Handler_Table_Limit       
00001799  __TI_auto_init                 
2000046c  __TI_cleanup_ptr               
00001b49  __TI_decompress_none           
00001b69  __TI_decompress_rle24          
20000470  __TI_dtors_ptr                 
20000474  __TI_enable_exit_profile_output
ffffffff  __TI_pprof_out_hndl            
ffffffff  __TI_prof_data_size            
ffffffff  __TI_prof_data_start           
00000000  __TI_static_base__             
0000171d  __aeabi_memclr                 
0000171d  __aeabi_memclr4                
0000171d  __aeabi_memclr8                
000015e9  __aeabi_memcpy                 
000015e9  __aeabi_memcpy4                
000015e9  __aeabi_memcpy8                
0000171f  __aeabi_memset                 
0000171f  __aeabi_memset4                
0000171f  __aeabi_memset8                
ffffffff  __binit__                      
ffffffff  __c_args__                     
000014f3  __mpu_init                     
2000026c  __stack                        
00001ad1  _args_main                     
000018dd  _c_int00                       
20000478  _lock                          
00001b1f  _nop                           
00001b17  _register_lock                 
00001b11  _register_unlock               
00001797  _system_post_cinit             
00001b6f  _system_pre_init               
2000047c  _unlock                        
00001935  abort                          
ffffffff  binit                          
00001985  copy_in                        
00000b39  drawFastHLine                  
00000bfb  drawFastVLine                  
00000a53  drawPixel                      
0000193d  exit                           
00001259  fillRect                       
00001381  fillScreen                     
00000e43  flood                          
20000000  g_pfnRAMVectors                
00000000  g_pfnVectors                   
00001809  main                           
20000480  main_func_sp                   
000015e9  memcpy                         
00001725  memset                         
0000091d  setAddrWindow                  
00000cbd  setLR                          
0000116d  setRotation                    
00000977  writeRegister32                


GLOBAL SYMBOLS: SORTED BY Symbol Address 

address   name                           
-------   ----                           
00000000  __TI_static_base__             
00000000  g_pfnVectors                   
00000200  __STACK_SIZE                   
0000026d  GPIO_Init                      
000002f1  SysTick_Init                   
000002ff  SysTick_Wait                   
0000031f  SysTick_Wait1ms                
00000345  SysTick_Wait1us                
0000036b  LCD_init                       
00000425  LCD_begin                      
00000875  LCD_reset                      
0000091d  setAddrWindow                  
00000977  writeRegister32                
00000a53  drawPixel                      
00000b39  drawFastHLine                  
00000bfb  drawFastVLine                  
00000cbd  setLR                          
00000e43  flood                          
0000116d  setRotation                    
00001259  fillRect                       
00001381  fillScreen                     
000013c1  GPIOPadConfigSet               
000014f3  __mpu_init                     
000014f5  SysCtlClockSet                 
000015e9  __aeabi_memcpy                 
000015e9  __aeabi_memcpy4                
000015e9  __aeabi_memcpy8                
000015e9  memcpy                         
00001685  System_Init                    
000016eb  SysTick_Handler                
0000171d  __aeabi_memclr                 
0000171d  __aeabi_memclr4                
0000171d  __aeabi_memclr8                
0000171f  __aeabi_memset                 
0000171f  __aeabi_memset4                
0000171f  __aeabi_memset8                
00001725  memset                         
00001797  _system_post_cinit             
00001799  __TI_auto_init                 
00001809  main                           
000018dd  _c_int00                       
00001931  C$$EXIT                        
00001935  abort                          
0000193d  exit                           
00001985  copy_in                        
000019d1  SysCtlPeripheralReady          
00001a09  IntRegister                    
00001a3d  SysCtlPeripheralEnable         
00001a71  GPIODirModeSet                 
00001a9d  SysTickIntRegister             
00001ab9  GPIOPinTypeGPIOOutput          
00001ad1  _args_main                     
00001ae9  SysTickEnable                  
00001afd  SysTickIntEnable               
00001b11  _register_unlock               
00001b17  _register_lock                 
00001b1f  _nop                           
00001b25  GPIOPinTypeGPIOInput           
00001b39  SysTickPeriodSet               
00001b49  __TI_decompress_none           
00001b57  ResetISR                       
00001b63  SysCtlDelay                    
00001b69  __TI_decompress_rle24          
00001b6f  _system_pre_init               
00001bac  __TI_Handler_Table_Base        
00001bb4  __TI_CINIT_Base                
00001bb4  __TI_Handler_Table_Limit       
00001bcc  __TI_CINIT_Limit               
20000000  g_pfnRAMVectors                
2000026c  __stack                        
2000046c  __STACK_END                    
2000046c  __STACK_TOP                    
2000046c  __TI_cleanup_ptr               
20000470  __TI_dtors_ptr                 
20000474  __TI_enable_exit_profile_output
20000478  _lock                          
2000047c  _unlock                        
20000480  main_func_sp                   
ffffffff  __TI_pprof_out_hndl            
ffffffff  __TI_prof_data_size            
ffffffff  __TI_prof_data_start           
ffffffff  __binit__                      
ffffffff  __c_args__                     
ffffffff  binit                          
UNDEFED   SHT$$INIT_ARRAY$$Base          
UNDEFED   SHT$$INIT_ARRAY$$Limit         

[86 symbols]
